// Jest Snapshot v1, https://goo.gl/fbAQLP

exports[`should render editExpense page 1`] = `
<div>
  <Expenseform
    expense={
      Object {
        "amount": 4500,
        "createdAt": 345600000,
        "description": "power",
        "id": "3",
        "note": "electric bill",
      }
    }
    onSubmit={[Function]}
  />
  <button
    onClick={[Function]}
  >
    Remove
  </button>
</div>
`;
