// Jest Snapshot v1, https://goo.gl/fbAQLP

exports[`should render ExpenseList with expenses 1`] = `
<div>
  <Link
    replace={false}
    to="/edit/1"
  >
    <h3>
      cable
    </h3>
  </Link>
  <p>
    Amount: 
    $40.00
    - Date: 
    Jan
  </p>
</div>
`;
