// Jest Snapshot v1, https://goo.gl/fbAQLP

exports[`should render ExpenseList with empty message 1`] = `
<div>
  <h1>
    Expense List
  </h1>
  <p>
    No expenses
  </p>
</div>
`;

exports[`should render ExpenseList with expenses 1`] = `
<div>
  <h1>
    Expense List
  </h1>
  <ExpenseListItem
    amount={4000}
    createdAt={0}
    description="cable"
    id="1"
    key="1"
    note="cable bill"
  />
  <ExpenseListItem
    amount={7000}
    createdAt={-345600000}
    description="water"
    id="2"
    key="2"
    note="water bill"
  />
  <ExpenseListItem
    amount={4500}
    createdAt={345600000}
    description="power"
    id="3"
    key="3"
    note="electric bill"
  />
</div>
`;
