// Jest Snapshot v1, https://goo.gl/fbAQLP

exports[`should render DashborboardPage correctly 1`] = `
<div>
  404 Page not found.
  <p>
    <Link
      replace={false}
      to="/"
    >
      Go Back Home
    </Link>
  </p>
</div>
`;
